SID	SNAME	library_size	cell_perml	lib_cell	A_ratio	T_ratio	C_ratio	G_ratio
1	AS2	50000000	3.23275242169008e+19	8.56742513314301	2.6501952564199e-19	0.22371768	0.22220922	0.27649788	0.27757522
2	AS1	50000000	3.37319232480681e+19	9.93418747046929	2.94504033980281e-19	0.21272236	0.21128754	0.28672574	0.28926436
